Archive member included to satisfy reference by file (symbol)

C:/ST/STM32CubeIDE_1.19.0/STM32CubeIDE/plugins/com.st.stm32cube.ide.mcu.externaltools.gnu-tools-for-stm32.13.3.rel1.win32_1.0.0.202411081344/tools/bin/../lib/gcc/arm-none-eabi/13.3.1/../../../../arm-none-eabi/lib/thumb/v7-m/nofp\libc_nano.a(libc_a-exit.o)
                              C:/ST/STM32CubeIDE_1.19.0/STM32CubeIDE/plugins/com.st.stm32cube.ide.mcu.externaltools.gnu-tools-for-stm32.13.3.rel1.win32_1.0.0.202411081344/tools/bin/../lib/gcc/arm-none-eabi/13.3.1/../../../../arm-none-eabi/lib/thumb/v7-m/nofp/crt0.o (exit)
C:/ST/STM32CubeIDE_1.19.0/STM32CubeIDE/plugins/com.st.stm32cube.ide.mcu.externaltools.gnu-tools-for-stm32.13.3.rel1.win32_1.0.0.202411081344/tools/bin/../lib/gcc/arm-none-eabi/13.3.1/../../../../arm-none-eabi/lib/thumb/v7-m/nofp\libc_nano.a(libc_a-findfp.o)
                              C:/ST/STM32CubeIDE_1.19.0/STM32CubeIDE/plugins/com.st.stm32cube.ide.mcu.externaltools.gnu-tools-for-stm32.13.3.rel1.win32_1.0.0.202411081344/tools/bin/../lib/gcc/arm-none-eabi/13.3.1/../../../../arm-none-eabi/lib/thumb/v7-m/nofp\libc_nano.a(libc_a-exit.o) (__stdio_exit_handler)
C:/ST/STM32CubeIDE_1.19.0/STM32CubeIDE/plugins/com.st.stm32cube.ide.mcu.externaltools.gnu-tools-for-stm32.13.3.rel1.win32_1.0.0.202411081344/tools/bin/../lib/gcc/arm-none-eabi/13.3.1/../../../../arm-none-eabi/lib/thumb/v7-m/nofp\libc_nano.a(libc_a-fwalk.o)
                              C:/ST/STM32CubeIDE_1.19.0/STM32CubeIDE/plugins/com.st.stm32cube.ide.mcu.externaltools.gnu-tools-for-stm32.13.3.rel1.win32_1.0.0.202411081344/tools/bin/../lib/gcc/arm-none-eabi/13.3.1/../../../../arm-none-eabi/lib/thumb/v7-m/nofp\libc_nano.a(libc_a-findfp.o) (_fwalk_sglue)
C:/ST/STM32CubeIDE_1.19.0/STM32CubeIDE/plugins/com.st.stm32cube.ide.mcu.externaltools.gnu-tools-for-stm32.13.3.rel1.win32_1.0.0.202411081344/tools/bin/../lib/gcc/arm-none-eabi/13.3.1/../../../../arm-none-eabi/lib/thumb/v7-m/nofp\libc_nano.a(libc_a-stdio.o)
                              C:/ST/STM32CubeIDE_1.19.0/STM32CubeIDE/plugins/com.st.stm32cube.ide.mcu.externaltools.gnu-tools-for-stm32.13.3.rel1.win32_1.0.0.202411081344/tools/bin/../lib/gcc/arm-none-eabi/13.3.1/../../../../arm-none-eabi/lib/thumb/v7-m/nofp\libc_nano.a(libc_a-findfp.o) (__sread)
C:/ST/STM32CubeIDE_1.19.0/STM32CubeIDE/plugins/com.st.stm32cube.ide.mcu.externaltools.gnu-tools-for-stm32.13.3.rel1.win32_1.0.0.202411081344/tools/bin/../lib/gcc/arm-none-eabi/13.3.1/../../../../arm-none-eabi/lib/thumb/v7-m/nofp\libc_nano.a(libc_a-memset.o)
                              C:/ST/STM32CubeIDE_1.19.0/STM32CubeIDE/plugins/com.st.stm32cube.ide.mcu.externaltools.gnu-tools-for-stm32.13.3.rel1.win32_1.0.0.202411081344/tools/bin/../lib/gcc/arm-none-eabi/13.3.1/../../../../arm-none-eabi/lib/thumb/v7-m/nofp/crt0.o (memset)
C:/ST/STM32CubeIDE_1.19.0/STM32CubeIDE/plugins/com.st.stm32cube.ide.mcu.externaltools.gnu-tools-for-stm32.13.3.rel1.win32_1.0.0.202411081344/tools/bin/../lib/gcc/arm-none-eabi/13.3.1/../../../../arm-none-eabi/lib/thumb/v7-m/nofp\libc_nano.a(libc_a-closer.o)
                              C:/ST/STM32CubeIDE_1.19.0/STM32CubeIDE/plugins/com.st.stm32cube.ide.mcu.externaltools.gnu-tools-for-stm32.13.3.rel1.win32_1.0.0.202411081344/tools/bin/../lib/gcc/arm-none-eabi/13.3.1/../../../../arm-none-eabi/lib/thumb/v7-m/nofp\libc_nano.a(libc_a-stdio.o) (_close_r)
C:/ST/STM32CubeIDE_1.19.0/STM32CubeIDE/plugins/com.st.stm32cube.ide.mcu.externaltools.gnu-tools-for-stm32.13.3.rel1.win32_1.0.0.202411081344/tools/bin/../lib/gcc/arm-none-eabi/13.3.1/../../../../arm-none-eabi/lib/thumb/v7-m/nofp\libc_nano.a(libc_a-reent.o)
                              C:/ST/STM32CubeIDE_1.19.0/STM32CubeIDE/plugins/com.st.stm32cube.ide.mcu.externaltools.gnu-tools-for-stm32.13.3.rel1.win32_1.0.0.202411081344/tools/bin/../lib/gcc/arm-none-eabi/13.3.1/../../../../arm-none-eabi/lib/thumb/v7-m/nofp\libc_nano.a(libc_a-closer.o) (errno)
C:/ST/STM32CubeIDE_1.19.0/STM32CubeIDE/plugins/com.st.stm32cube.ide.mcu.externaltools.gnu-tools-for-stm32.13.3.rel1.win32_1.0.0.202411081344/tools/bin/../lib/gcc/arm-none-eabi/13.3.1/../../../../arm-none-eabi/lib/thumb/v7-m/nofp\libc_nano.a(libc_a-impure.o)
                              C:/ST/STM32CubeIDE_1.19.0/STM32CubeIDE/plugins/com.st.stm32cube.ide.mcu.externaltools.gnu-tools-for-stm32.13.3.rel1.win32_1.0.0.202411081344/tools/bin/../lib/gcc/arm-none-eabi/13.3.1/../../../../arm-none-eabi/lib/thumb/v7-m/nofp\libc_nano.a(libc_a-reent.o) (_impure_ptr)
C:/ST/STM32CubeIDE_1.19.0/STM32CubeIDE/plugins/com.st.stm32cube.ide.mcu.externaltools.gnu-tools-for-stm32.13.3.rel1.win32_1.0.0.202411081344/tools/bin/../lib/gcc/arm-none-eabi/13.3.1/../../../../arm-none-eabi/lib/thumb/v7-m/nofp\libc_nano.a(libc_a-lseekr.o)
[...]
Memory Configuration

Name             Origin             Length             Attributes
RAM              0x20000000         0x0000c000         xrw
FLASH            0x08000000         0x00040000         xr
*default*        0x00000000         0xffffffff

Linker script and memory map

LOAD C:/ST/STM32CubeIDE_1.19.0/STM32CubeIDE/plugins/com.st.stm32cube.ide.mcu.externaltools.gnu-tools-for-stm32.13.3.rel1.win32_1.0.0.202411081344/tools/bin/../lib/gcc/arm-none-eabi/13.3.1/thumb/v7-m/nofp/crti.o
LOAD C:/ST/STM32CubeIDE_1.19.0/STM32CubeIDE/plugins/com.st.stm32cube.ide.mcu.externaltools.gnu-tools-for-stm32.13.3.rel1.win32_1.0.0.202411081344/tools/bin/../lib/gcc/arm-none-eabi/13.3.1/thumb/v7-m/nofp/crtbegin.o
LOAD C:/ST/STM32CubeIDE_1.19.0/STM32CubeIDE/plugins/com.st.stm32cube.ide.mcu.externaltools.gnu-tools-for-stm32.13.3.rel1.win32_1.0.0.202411081344/tools/bin/../lib/gcc/arm-none-eabi/13.3.1/../../../../arm-none-eabi/lib/thumb/v7-m/nofp/crt0.o
LOAD ./Core/Src/main.o
LOAD ./Core/Src/stm32f1xx_hal_msp.o
LOAD ./Core/Src/stm32f1xx_hal_timebase_tim.o
LOAD ./Core/Src/stm32f1xx_it.o
LOAD ./Core/Src/syscalls.o
LOAD ./Core/Src/sysmem.o
LOAD ./Core/Src/system_stm32f1xx.o
LOAD ./Core/Startup/startup_stm32f103rctx.o
LOAD ./Drivers/STM32F1xx_HAL_Driver/Src/stm32f1xx_hal.o
LOAD ./Drivers/STM32F1xx_HAL_Driver/Src/stm32f1xx_hal_cortex.o
LOAD ./Drivers/STM32F1xx_HAL_Driver/Src/stm32f1xx_hal_dma.o
LOAD ./Drivers/STM32F1xx_HAL_Driver/Src/stm32f1xx_hal_exti.o
LOAD ./Drivers/STM32F1xx_HAL_Driver/Src/stm32f1xx_hal_flash.o
LOAD ./Drivers/STM32F1xx_HAL_Driver/Src/stm32f1xx_hal_flash_ex.o
LOAD ./Drivers/STM32F1xx_HAL_Driver/Src/stm32f1xx_hal_gpio.o
LOAD ./Drivers/STM32F1xx_HAL_Driver/Src/stm32f1xx_hal_gpio_ex.o
LOAD ./Drivers/STM32F1xx_HAL_Driver/Src/stm32f1xx_hal_pwr.o
LOAD ./Drivers/STM32F1xx_HAL_Driver/Src/stm32f1xx_hal_rcc.o
LOAD ./Drivers/STM32F1xx_HAL_Driver/Src/stm32f1xx_hal_rcc_ex.o
LOAD ./Drivers/STM32F1xx_HAL_Driver/Src/stm32f1xx_hal_tim.o
LOAD ./Drivers/STM32F1xx_HAL_Driver/Src/stm32f1xx_hal_tim_ex.o
LOAD ./Freertos/Src/croutine.o
LOAD ./Freertos/Src/heap_4.o
LOAD ./Freertos/Src/list.o
LOAD ./Freertos/Src/port.o
LOAD ./Freertos/Src/queue.o
LOAD ./Freertos/Src/stream_buffer.o
LOAD ./Freertos/Src/tasks.o
LOAD ./Freertos/Src/timers.o
START GROUP
LOAD C:/ST/STM32CubeIDE_1.19.0/STM32CubeIDE/plugins/com.st.stm32cube.ide.mcu.externaltools.gnu-tools-for-stm32.13.3.rel1.win32_1.0.0.202411081344/tools/bin/../lib/gcc/arm-none-eabi/13.3.1/../../../../arm-none-eabi/lib/thumb/v7-m/nofp\libc_nano.a
LOAD C:/ST/STM32CubeIDE_1.19.0/STM32CubeIDE/plugins/com.st.stm32cube.ide.mcu.externaltools.gnu-tools-for-stm32.13.3.rel1.win32_1.0.0.202411081344/tools/bin/../lib/gcc/arm-none-eabi/13.3.1/../../../../arm-none-eabi/lib/thumb/v7-m/nofp\libm.a
END GROUP
START GROUP
LOAD C:/ST/STM32CubeIDE_1.19.0/STM32CubeIDE/plugins/com.st.stm32cube.ide.mcu.externaltools.gnu-tools-for-stm32.13.3.rel1.win32_1.0.0.202411081344/tools/bin/../lib/gcc/arm-none-eabi/13.3.1/thumb/v7-m/nofp\libgcc.a
LOAD C:/ST/STM32CubeIDE_1.19.0/STM32CubeIDE/plugins/com.st.stm32cube.ide.mcu.externaltools.gnu-tools-for-stm32.13.3.rel1.win32_1.0.0.202411081344/tools/bin/../lib/gcc/arm-none-eabi/13.3.1/../../../../arm-none-eabi/lib/thumb/v7-m/nofp\libc_nano.a
END GROUP
START GROUP
LOAD C:/ST/STM32CubeIDE_1.19.0/STM32CubeIDE/plugins/com.st.stm32cube.ide.mcu.externaltools.gnu-tools-for-stm32.13.3.rel1.win32_1.0.0.202411081344/tools/bin/../lib/gcc/arm-none-eabi/13.3.1/thumb/v7-m/nofp\libgcc.a
LOAD C:/ST/STM32CubeIDE_1.19.0/STM32CubeIDE/plugins/com.st.stm32cube.ide.mcu.externaltools.gnu-tools-for-stm32.13.3.rel1.win32_1.0.0.202411081344/tools/bin/../lib/gcc/arm-none-eabi/13.3.1/../../../../arm-none-eabi/lib/thumb/v7-m/nofp\libc_nano.a
LOAD C:/ST/STM32CubeIDE_1.19.0/STM32CubeIDE/plugins/com.st.stm32cube.ide.mcu.externaltools.gnu-tools-for-stm32.13.3.rel1.win32_1.0.0.202411081344/tools/bin/../lib/gcc/arm-none-eabi/13.3.1/../../../../arm-none-eabi/lib/thumb/v7-m/nofp\libnosys.a
END GROUP
START GROUP
LOAD C:/ST/STM32CubeIDE_1.19.0/STM32CubeIDE/plugins/com.st.stm32cube.ide.mcu.externaltools.gnu-tools-for-stm32.13.3.rel1.win32_1.0.0.202411081344/tools/bin/../lib/gcc/arm-none-eabi/13.3.1/thumb/v7-m/nofp\libgcc.a
LOAD C:/ST/STM32CubeIDE_1.19.0/STM32CubeIDE/plugins/com.st.stm32cube.ide.mcu.externaltools.gnu-tools-for-stm32.13.3.rel1.win32_1.0.0.202411081344/tools/bin/../lib/gcc/arm-none-eabi/13.3.1/../../../../arm-none-eabi/lib/thumb/v7-m/nofp\libc_nano.a
LOAD C:/ST/STM32CubeIDE_1.19.0/STM32CubeIDE/plugins/com.st.stm32cube.ide.mcu.externaltools.gnu-tools-for-stm32.13.3.rel1.win32_1.0.0.202411081344/tools/bin/../lib/gcc/arm-none-eabi/13.3.1/../../../../arm-none-eabi/lib/thumb/v7-m/nofp\libnosys.a
END GROUP
LOAD C:/ST/STM32CubeIDE_1.19.0/STM32CubeIDE/plugins/com.st.stm32cube.ide.mcu.externaltools.gnu-tools-for-stm32.13.3.rel1.win32_1.0.0.202411081344/tools/bin/../lib/gcc/arm-none-eabi/13.3.1/thumb/v7-m/nofp/crtend.o
LOAD C:/ST/STM32CubeIDE_1.19.0/STM32CubeIDE/plugins/com.st.stm32cube.ide.mcu.externaltools.gnu-tools-for-stm32.13.3.rel1.win32_1.0.0.202411081344/tools/bin/../lib/gcc/arm-none-eabi/13.3.1/thumb/v7-m/nofp/crtn.o
                0x2000c000                        _estack = (ORIGIN (RAM) + LENGTH (RAM))
                0x00000200                        _Min_Heap_Size = 0x200
                0x00000400                        _Min_Stack_Size = 0x400

.isr_vector     0x08000000      0x1e4
                0x08000000                        . = ALIGN (0x4)
 *(.isr_vector)
 .isr_vector    0x08000000      0x1e4 ./Core/Startup/startup_stm32f103rctx.o
                0x08000000                g_pfnVectors
                0x080001e4                        . = ALIGN (0x4)

.text           0x080001f0     0x3e98
                0x080001f0                        . = ALIGN (0x4)
 *(.text)
 .text          0x080001f0       0x40 C:/ST/STM32CubeIDE_1.19.0/STM32CubeIDE/plugins/com.st.stm32cube.ide.mcu.externaltools.gnu-tools-for-stm32.13.3.rel1.win32_1.0.0.202411081344/tools/bin/../lib/gcc/arm-none-eabi/13.3.1/thumb/v7-m/nofp/crtbegin.o
 *(.text*)
 .text.Task1    0x08000230       0x30 ./Core/Src/main.o
                0x08000230                Task1
 .text.Task2    0x08000260       0x30 ./Core/Src/main.o
                0x08000260                Task2
 .text.vApplicationStackOverflowHook
                0x08000290       0x22 ./Core/Src/main.o
                0x08000290                vApplicationStackOverflowHook
 *fill*         0x080002b2        0x2 
 .text.main     0x080002b4       0x58 ./Core/Src/main.o
                0x080002b4                main
 .text.SystemClock_Config
                0x0800030c       0x8a ./Core/Src/main.o
                0x0800030c                SystemClock_Config
 *fill*         0x08000396        0x2 
 .text.MX_GPIO_Init
                0x08000398       0x94 ./Core/Src/main.o
 .text.HAL_TIM_PeriodElapsedCallback
                0x0800042c       0x24 ./Core/Src/main.o
                0x0800042c                HAL_TIM_PeriodElapsedCallback
 .text.Error_Handler
                0x08000450        0xc ./Core/Src/main.o
                0x08000450                Error_Handler
 .text.HAL_MspInit
                0x0800045c       0x64 ./Core/Src/stm32f1xx_hal_msp.o
                0x0800045c                HAL_MspInit
 .text.HAL_InitTick
                0x080004c0       0xfc ./Core/Src/stm32f1xx_hal_timebase_tim.o
                0x080004c0                HAL_InitTick
 .text.NMI_Handler
                0x080005bc        0x8 ./Core/Src/stm32f1xx_it.o
                0x080005bc                NMI_Handler
 .text.HardFault_Handler
                0x080005c4        0x8 ./Core/Src/stm32f1xx_it.o
                0x080005c4                HardFault_Handler
 .text.MemManage_Handler
                0x080005cc        0x8 ./Core/Src/stm32f1xx_it.o
                0x080005cc                MemManage_Handler
 .text.BusFault_Handler
                0x080005d4        0x8 ./Core/Src/stm32f1xx_it.o
                0x080005d4                BusFault_Handler
 .text.UsageFault_Handler
                0x080005dc        0x8 ./Core/Src/stm32f1xx_it.o
                0x080005dc                UsageFault_Handler
 .text.DebugMon_Handler
                0x080005e4        0xc ./Core/Src/stm32f1xx_it.o
                0x080005e4                DebugMon_Handler
 .text.TIM6_IRQHandler
                0x080005f0       0x14 ./Core/Src/stm32f1xx_it.o
                0x080005f0                TIM6_IRQHandler
 .text.SystemInit
                0x08000604        0xc ./Core/Src/system_stm32f1xx.o
                0x08000604                SystemInit
 .text.Reset_Handler
                0x08000610       0x48 ./Core/Startup/startup_stm32f103rctx.o
                0x08000610                Reset_Handler
 .text.Default_Handler
                0x08000658        0x2 ./Core/Startup/startup_stm32f103rctx.o
                0x08000658                RTC_Alarm_IRQHandler
                0x08000658                EXTI2_IRQHandler
                0x08000658                TIM8_TRG_COM_IRQHandler
                0x08000658                TIM8_CC_IRQHandler
                0x08000658                TIM1_CC_IRQHandler
                0x08000658                PVD_IRQHandler
                0x08000658                SDIO_IRQHandler
                0x08000658                EXTI3_IRQHandler
                0x08000658                EXTI0_IRQHandler
                0x08000658                I2C2_EV_IRQHandler
                0x08000658                ADC1_2_IRQHandler
                0x08000658                SPI1_IRQHandler
                0x08000658                TAMPER_IRQHandler
                0x08000658                TIM8_UP_IRQHandler
                0x08000658                DMA2_Channel2_IRQHandler
                0x08000658                DMA1_Channel4_IRQHandler
                0x08000658                USART3_IRQHandler
                0x08000658                RTC_IRQHandler
                0x08000658                DMA1_Channel7_IRQHandler
                0x08000658                CAN1_RX1_IRQHandler
                0x08000658                UART5_IRQHandler
                0x08000658                ADC3_IRQHandler
                0x08000658                TIM4_IRQHandler
                0x08000658                DMA2_Channel1_IRQHandler
                0x08000658                I2C1_EV_IRQHandler
                0x08000658                DMA1_Channel6_IRQHandler
                0x08000658                UART4_IRQHandler
                0x08000658                TIM3_IRQHandler
                0x08000658                RCC_IRQHandler
                0x08000658                TIM1_TRG_COM_IRQHandler
                0x08000658                DMA1_Channel1_IRQHandler
                0x08000658                Default_Handler
                0x08000658                EXTI15_10_IRQHandler
                0x08000658                TIM7_IRQHandler
                0x08000658                TIM5_IRQHandler
                0x08000658                EXTI9_5_IRQHandler
                0x08000658                SPI2_IRQHandler
                0x08000658                DMA1_Channel5_IRQHandler
                0x08000658                EXTI4_IRQHandler
                0x08000658                USB_LP_CAN1_RX0_IRQHandler
                0x08000658                USB_HP_CAN1_TX_IRQHandler
                0x08000658                DMA1_Channel3_IRQHandler
                0x08000658                FSMC_IRQHandler
                0x08000658                TIM1_UP_IRQHandler
                0x08000658                WWDG_IRQHandler
                0x08000658                TIM2_IRQHandler
                0x08000658                TIM1_BRK_IRQHandler
                0x08000658                EXTI1_IRQHandler
                0x08000658                DMA2_Channel4_5_IRQHandler
                0x08000658                USART2_IRQHandler
                0x08000658                I2C2_ER_IRQHandler
                0x08000658                DMA1_Channel2_IRQHandler
                0x08000658                TIM8_BRK_IRQHandler
                0x08000658                CAN1_SCE_IRQHandler
                0x08000658                FLASH_IRQHandler
                0x08000658                USART1_IRQHandler
                0x08000658                SPI3_IRQHandler
                0x08000658                I2C1_ER_IRQHandler
                0x08000658                USBWakeUp_IRQHandler
                0x08000658                DMA2_Channel3_IRQHandler
 *fill*         0x0800065a        0x2 
 .text.HAL_Init
                0x0800065c       0x2c ./Drivers/STM32F1xx_HAL_Driver/Src/stm32f1xx_hal.o
                0x0800065c                HAL_Init
 .text.HAL_IncTick
                0x08000688       0x24 ./Drivers/STM32F1xx_HAL_Driver/Src/stm32f1xx_hal.o
                0x08000688                HAL_IncTick
 .text.HAL_GetTick
                0x080006ac       0x14 ./Drivers/STM32F1xx_HAL_Driver/Src/stm32f1xx_hal.o
                0x080006ac                HAL_GetTick
 .text.__NVIC_SetPriorityGrouping
                0x080006c0       0x48 ./Drivers/STM32F1xx_HAL_Driver/Src/stm32f1xx_hal_cortex.o
 .text.__NVIC_GetPriorityGrouping
                0x08000708       0x1c ./Drivers/STM32F1xx_HAL_Driver/Src/stm32f1xx_hal_cortex.o
 .text.__NVIC_EnableIRQ
                0x08000724       0x38 ./Drivers/STM32F1xx_HAL_Driver/Src/stm32f1xx_hal_cortex.o
 .text.__NVIC_SetPriority
                0x0800075c       0x54 ./Drivers/STM32F1xx_HAL_Driver/Src/stm32f1xx_hal_cortex.o
 .text.NVIC_EncodePriority
                0x080007b0       0x64 ./Drivers/STM32F1xx_HAL_Driver/Src/stm32f1xx_hal_cortex.o
 .text.HAL_NVIC_SetPriorityGrouping
                0x08000814       0x16 ./Drivers/STM32F1xx_HAL_Driver/Src/stm32f1xx_hal_cortex.o
                0x08000814                HAL_NVIC_SetPriorityGrouping
 .text.HAL_NVIC_SetPriority
                0x0800082a       0x38 ./Drivers/STM32F1xx_HAL_Driver/Src/stm32f1xx_hal_cortex.o
                0x0800082a                HAL_NVIC_SetPriority
 .text.HAL_NVIC_EnableIRQ
                0x08000862       0x1c ./Drivers/STM32F1xx_HAL_Driver/Src/stm32f1xx_hal_cortex.o
                0x08000862                HAL_NVIC_EnableIRQ
 *fill*         0x0800087e        0x2 
 .text.HAL_GPIO_Init
                0x08000880      0x328 ./Drivers/STM32F1xx_HAL_Driver/Src/stm32f1xx_hal_gpio.o
                0x08000880                HAL_GPIO_Init
 .text.HAL_GPIO_WritePin
                0x08000ba8       0x30 ./Drivers/STM32F1xx_HAL_Driver/Src/stm32f1xx_hal_gpio.o
                0x08000ba8                HAL_GPIO_WritePin
 .text.HAL_RCC_OscConfig
                0x08000bd8      0x504 ./Drivers/STM32F1xx_HAL_Driver/Src/stm32f1xx_hal_rcc.o
                0x08000bd8                HAL_RCC_OscConfig
 .text.HAL_RCC_ClockConfig
                0x080010dc      0x1d4 ./Drivers/STM32F1xx_HAL_Driver/Src/stm32f1xx_hal_rcc.o
                0x080010dc                HAL_RCC_ClockConfig
 .text.HAL_RCC_GetSysClockFreq
                0x080012b0       0xa8 ./Drivers/STM32F1xx_HAL_Driver/Src/stm32f1xx_hal_rcc.o
                0x080012b0                HAL_RCC_GetSysClockFreq
 .text.HAL_RCC_GetHCLKFreq
                0x08001358       0x14 ./Drivers/STM32F1xx_HAL_Driver/Src/stm32f1xx_hal_rcc.o
                0x08001358                HAL_RCC_GetHCLKFreq
 .text.HAL_RCC_GetPCLK1Freq
                0x0800136c       0x28 ./Drivers/STM32F1xx_HAL_Driver/Src/stm32f1xx_hal_rcc.o
                0x0800136c                HAL_RCC_GetPCLK1Freq
 .text.HAL_RCC_GetClockConfig
                0x08001394       0x60 ./Drivers/STM32F1xx_HAL_Driver/Src/stm32f1xx_hal_rcc.o
                0x08001394                HAL_RCC_GetClockConfig
 .text.RCC_Delay
                0x080013f4       0x3c ./Drivers/STM32F1xx_HAL_Driver/Src/stm32f1xx_hal_rcc.o
 .text.HAL_TIM_Base_Init
                0x08001430       0x9e ./Drivers/STM32F1xx_HAL_Driver/Src/stm32f1xx_hal_tim.o
                0x08001430                HAL_TIM_Base_Init
 .text.HAL_TIM_Base_MspInit
                0x080014ce       0x12 ./Drivers/STM32F1xx_HAL_Driver/Src/stm32f1xx_hal_tim.o
                0x080014ce                HAL_TIM_Base_MspInit
 .text.HAL_TIM_Base_Start_IT
                0x080014e0       0xc0 ./Drivers/STM32F1xx_HAL_Driver/Src/stm32f1xx_hal_tim.o
                0x080014e0                HAL_TIM_Base_Start_IT
 .text.HAL_TIM_IRQHandler
                0x080015a0      0x1e0 ./Drivers/STM32F1xx_HAL_Driver/Src/stm32f1xx_hal_tim.o
                0x080015a0                HAL_TIM_IRQHandler
 .text.HAL_TIM_OC_DelayElapsedCallback
                0x08001780       0x12 ./Drivers/STM32F1xx_HAL_Driver/Src/stm32f1xx_hal_tim.o
                0x08001780                HAL_TIM_OC_DelayElapsedCallback
 .text.HAL_TIM_IC_CaptureCallback
                0x08001792       0x12 ./Drivers/STM32F1xx_HAL_Driver/Src/stm32f1xx_hal_tim.o
                0x08001792                HAL_TIM_IC_CaptureCallback
 .text.HAL_TIM_PWM_PulseFinishedCallback
                0x080017a4       0x12 ./Drivers/STM32F1xx_HAL_Driver/Src/stm32f1xx_hal_tim.o
                0x080017a4                HAL_TIM_PWM_PulseFinishedCallback
 .text.HAL_TIM_TriggerCallback
                0x080017b6       0x12 ./Drivers/STM32F1xx_HAL_Driver/Src/stm32f1xx_hal_tim.o
                0x080017b6                HAL_TIM_TriggerCallback
 .text.TIM_Base_SetConfig
                0x080017c8      0x10c ./Drivers/STM32F1xx_HAL_Driver/Src/stm32f1xx_hal_tim.o
                0x080017c8                TIM_Base_SetConfig
 .text.HAL_TIMEx_CommutCallback
                0x080018d4       0x12 ./Drivers/STM32F1xx_HAL_Driver/Src/stm32f1xx_hal_tim_ex.o
                0x080018d4                HAL_TIMEx_CommutCallback
 .text.HAL_TIMEx_BreakCallback
                0x080018e6       0x12 ./Drivers/STM32F1xx_HAL_Driver/Src/stm32f1xx_hal_tim_ex.o
                0x080018e6                HAL_TIMEx_BreakCallback
 .text.pvPortMalloc
                0x080018f8      0x264 ./Freertos/Src/heap_4.o
                0x080018f8                pvPortMalloc
 .text.vPortFree
                0x08001b5c      0x10c ./Freertos/Src/heap_4.o
                0x08001b5c                vPortFree
 .text.prvHeapInit
                0x08001c68       0xb4 ./Freertos/Src/heap_4.o
 .text.prvInsertBlockIntoFreeList
                0x08001d1c       0xf4 ./Freertos/Src/heap_4.o
 .text.vListInitialise
                0x08001e10       0x3e ./Freertos/Src/list.o
                0x08001e10                vListInitialise
 .text.vListInitialiseItem
                0x08001e4e       0x18 ./Freertos/Src/list.o
                0x08001e4e                vListInitialiseItem
 .text.vListInsert
                0x08001e66       0x70 ./Freertos/Src/list.o
                0x08001e66                vListInsert
 .text.uxListRemove
                0x08001ed6       0x52 ./Freertos/Src/list.o
                0x08001ed6                uxListRemove
 .text.pxPortInitialiseStack
                0x08001f28       0x58 ./Freertos/Src/port.o
                0x08001f28                pxPortInitialiseStack
 .text.prvTaskExitError
                0x08001f80       0x58 ./Freertos/Src/port.o
 *fill*         0x08001fd8        0x8 
 .text.vPortSVCHandler
                0x08001fe0       0x28 ./Freertos/Src/port.o
                0x08001fe0                vPortSVCHandler
 .text.prvPortStartFirstTask
                0x08002008       0x24 ./Freertos/Src/port.o
 .text.xPortStartScheduler
                0x0800202c      0x17c ./Freertos/Src/port.o
                0x0800202c                xPortStartScheduler
 .text.vPortEnterCritical
                0x080021a8       0x60 ./Freertos/Src/port.o
                0x080021a8                vPortEnterCritical
 .text.vPortExitCritical
                0x08002208       0x54 ./Freertos/Src/port.o
                0x08002208                vPortExitCritical
 *fill*         0x0800225c        0x4 
 .text.xPortPendSVHandler
                0x08002260       0x48 ./Freertos/Src/port.o
                0x08002260                xPortPendSVHandler
 .text.xPortSysTickHandler
                0x080022a8       0x44 ./Freertos/Src/port.o
                0x080022a8                xPortSysTickHandler
 .text.vPortSetupTimerInterrupt
                0x080022ec       0x34 ./Freertos/Src/port.o
                0x080022ec                vPortSetupTimerInterrupt
 .text.xQueueGenericReset
                0x08002320      0x124 ./Freertos/Src/queue.o
                0x08002320                xQueueGenericReset
 .text.xQueueGenericCreateStatic
                0x08002444       0xc2 ./Freertos/Src/queue.o
                0x08002444                xQueueGenericCreateStatic
 .text.prvInitialiseNewQueue
                0x08002506       0x3e ./Freertos/Src/queue.o
 .text.xQueueReceive
                0x08002544      0x1c4 ./Freertos/Src/queue.o
                0x08002544                xQueueReceive
 .text.prvCopyDataFromQueue
                0x08002708       0x4c ./Freertos/Src/queue.o
 .text.prvUnlockQueue
                0x08002754       0xa4 ./Freertos/Src/queue.o
 .text.prvIsQueueEmpty
                0x080027f8       0x2c ./Freertos/Src/queue.o
 .text.vQueueWaitForMessageRestricted
                0x08002824       0x68 ./Freertos/Src/queue.o
                0x08002824                vQueueWaitForMessageRestricted
 .text.prvCreateStaticTask
                0x0800288c       0xc2 ./Freertos/Src/tasks.o
 .text.xTaskCreateStatic
                0x0800294e       0x48 ./Freertos/Src/tasks.o
                0x0800294e                xTaskCreateStatic
 .text.prvCreateTask
                0x08002996       0x80 ./Freertos/Src/tasks.o
 .text.xTaskCreate
                0x08002a16       0x46 ./Freertos/Src/tasks.o
                0x08002a16                xTaskCreate
 .text.prvInitialiseNewTask
                0x08002a5c      0x120 ./Freertos/Src/tasks.o
 .text.prvAddNewTaskToReadyList
                0x08002b7c      0x12c ./Freertos/Src/tasks.o
 .text.vTaskDelay
                0x08002ca8       0x6c ./Freertos/Src/tasks.o
                0x08002ca8                vTaskDelay
 .text.prvCreateIdleTasks
                0x08002d14       0xd0 ./Freertos/Src/tasks.o
 .text.vTaskStartScheduler
                0x08002de4       0x88 ./Freertos/Src/tasks.o
                0x08002de4                vTaskStartScheduler
 .text.vTaskSuspendAll
                0x08002e6c       0x1c ./Freertos/Src/tasks.o
                0x08002e6c                vTaskSuspendAll
 .text.xTaskResumeAll
                0x08002e88      0x214 ./Freertos/Src/tasks.o
                0x08002e88                xTaskResumeAll
 .text.xTaskGetTickCount
                0x0800309c       0x1c ./Freertos/Src/tasks.o
                0x0800309c                xTaskGetTickCount
 .text.xTaskIncrementTick
                0x080030b8      0x234 ./Freertos/Src/tasks.o
                0x080030b8                xTaskIncrementTick
 .text.vTaskSwitchContext
                0x080032ec      0x10c ./Freertos/Src/tasks.o
                0x080032ec                vTaskSwitchContext
 .text.vTaskPlaceOnEventList
                0x080033f8       0x4c ./Freertos/Src/tasks.o
                0x080033f8                vTaskPlaceOnEventList
 .text.vTaskPlaceOnEventListRestricted
                0x08003444       0x8c ./Freertos/Src/tasks.o
                0x08003444                vTaskPlaceOnEventListRestricted
 .text.xTaskRemoveFromEventList
                0x080034d0      0x1b4 ./Freertos/Src/tasks.o
                0x080034d0                xTaskRemoveFromEventList
 .text.vTaskInternalSetTimeOutState
                0x08003684       0x2c ./Freertos/Src/tasks.o
                0x08003684                vTaskInternalSetTimeOutState
 .text.xTaskCheckForTimeOut
                0x080036b0       0xd0 ./Freertos/Src/tasks.o
                0x080036b0                xTaskCheckForTimeOut
 .text.vTaskMissedYield
                0x08003780       0x18 ./Freertos/Src/tasks.o
                0x08003780                vTaskMissedYield
 .text.prvIdleTask
                0x08003798       0x30 ./Freertos/Src/tasks.o
 .text.prvInitialiseTaskLists
                0x080037c8       0x80 ./Freertos/Src/tasks.o
 .text.prvCheckTasksWaitingTermination
                0x08003848       0x5c ./Freertos/Src/tasks.o
 .text.prvDeleteTCB
                0x080038a4       0x60 ./Freertos/Src/tasks.o
 .text.prvResetNextTaskUnblockTime
                0x08003904       0x34 ./Freertos/Src/tasks.o
 .text.xTaskGetSchedulerState
                0x08003938       0x3c ./Freertos/Src/tasks.o
                0x08003938                xTaskGetSchedulerState
 .text.prvAddCurrentTaskToDelayedList
                0x08003974       0xe0 ./Freertos/Src/tasks.o
 .text.vApplicationGetIdleTaskMemory
                0x08003a54       0x30 ./Freertos/Src/tasks.o
                0x08003a54                vApplicationGetIdleTaskMemory
 .text.vApplicationGetTimerTaskMemory
                0x08003a84       0x30 ./Freertos/Src/tasks.o
                0x08003a84                vApplicationGetTimerTaskMemory
 .text.xTimerCreateTimerTask
                0x08003ab4       0x94 ./Freertos/Src/timers.o
                0x08003ab4                xTimerCreateTimerTask
 .text.prvReloadTimer
                0x08003b48       0x42 ./Freertos/Src/timers.o
 *fill*         0x08003b8a        0x2 
 .text.prvProcessExpiredTimer
                0x08003b8c       0x60 ./Freertos/Src/timers.o
 .text.prvTimerTask
                0x08003bec       0x26 ./Freertos/Src/timers.o
 *fill*         0x08003c12        0x2 
 .text.prvProcessTimerOrBlockTask
                0x08003c14       0x9c ./Freertos/Src/timers.o
 .text.prvGetNextExpireTime
                0x08003cb0       0x44 ./Freertos/Src/timers.o
 .text.prvSampleTimeNow
                0x08003cf4       0x40 ./Freertos/Src/timers.o
 .text.prvInsertTimerInActiveList
                0x08003d34       0x84 ./Freertos/Src/timers.o
 .text.prvProcessReceivedCommands
                0x08003db8      0x190 ./Freertos/Src/timers.o
 .text.prvSwitchTimerLists
                0x08003f48       0x4c ./Freertos/Src/timers.o
 .text.prvCheckForValidListAndQueue
                0x08003f94       0x68 ./Freertos/Src/timers.o
 .text.memset   0x08003ffc       0x10 C:/ST/STM32CubeIDE_1.19.0/STM32CubeIDE/plugins/com.st.stm32cube.ide.mcu.externaltools.gnu-tools-for-stm32.13.3.rel1.win32_1.0.0.202411081344/tools/bin/../lib/gcc/arm-none-eabi/13.3.1/../../../../arm-none-eabi/lib/thumb/v7-m/nofp\libc_nano.a(libc_a-memset.o)
                0x08003ffc                memset
 .text.__libc_init_array
                0x0800400c       0x48 C:/ST/STM32CubeIDE_1.19.0/STM32CubeIDE/plugins/com.st.stm32cube.ide.mcu.externaltools.gnu-tools-for-stm32.13.3.rel1.win32_1.0.0.202411081344/tools/bin/../lib/gcc/arm-none-eabi/13.3.1/../../../../arm-none-eabi/lib/thumb/v7-m/nofp\libc_nano.a(libc_a-init.o)
                0x0800400c                __libc_init_array
 .text.memcpy   0x08004054       0x1c C:/ST/STM32CubeIDE_1.19.0/STM32CubeIDE/plugins/com.st.stm32cube.ide.mcu.externaltools.gnu-tools-for-stm32.13.3.rel1.win32_1.0.0.202411081344/tools/bin/../lib/gcc/arm-none-eabi/13.3.1/../../../../arm-none-eabi/lib/thumb/v7-m/nofp\libc_nano.a(libc_a-memcpy-stub.o)
                0x08004054                memcpy
 *(.glue_7)
 .glue_7        0x08004070        0x0 linker stubs
 *(.glue_7t)
 .glue_7t       0x08004070        0x0 linker stubs
 *(.eh_frame)
 .eh_frame      0x08004070        0x0 C:/ST/STM32CubeIDE_1.19.0/STM32CubeIDE/plugins/com.st.stm32cube.ide.mcu.externaltools.gnu-tools-for-stm32.13.3.rel1.win32_1.0.0.202411081344/tools/bin/../lib/gcc/arm-none-eabi/13.3.1/thumb/v7-m/nofp/crtbegin.o
 *(.init)
 .init          0x08004070        0x4 C:/ST/STM32CubeIDE_1.19.0/STM32CubeIDE/plugins/com.st.stm32cube.ide.mcu.externaltools.gnu-tools-for-stm32.13.3.rel1.win32_1.0.0.202411081344/tools/bin/../lib/gcc/arm-none-eabi/13.3.1/thumb/v7-m/nofp/crti.o
                0x08004070                _init
 .init          0x08004074        0x8 C:/ST/STM32CubeIDE_1.19.0/STM32CubeIDE/plugins/com.st.stm32cube.ide.mcu.externaltools.gnu-tools-for-stm32.13.3.rel1.win32_1.0.0.202411081344/tools/bin/../lib/gcc/arm-none-eabi/13.3.1/thumb/v7-m/nofp/crtn.o
 *(.fini)
 .fini          0x0800407c        0x4 C:/ST/STM32CubeIDE_1.19.0/STM32CubeIDE/plugins/com.st.stm32cube.ide.mcu.externaltools.gnu-tools-for-stm32.13.3.rel1.win32_1.0.0.202411081344/tools/bin/../lib/gcc/arm-none-eabi/13.3.1/thumb/v7-m/nofp/crti.o
                0x0800407c                _fini
 .fini          0x08004080        0x8 C:/ST/STM32CubeIDE_1.19.0/STM32CubeIDE/plugins/com.st.stm32cube.ide.mcu.externaltools.gnu-tools-for-stm32.13.3.rel1.win32_1.0.0.202411081344/tools/bin/../lib/gcc/arm-none-eabi/13.3.1/thumb/v7-m/nofp/crtn.o
                0x08004088                        . = ALIGN (0x4)
                0x08004088                        _etext = .

.vfp11_veneer   0x08004088        0x0
 .vfp11_veneer  0x08004088        0x0 linker stubs

.v4_bx          0x08004088        0x0
 .v4_bx         0x08004088        0x0 linker stubs

.iplt           0x08004088        0x0
 .iplt          0x08004088        0x0 C:/ST/STM32CubeIDE_1.19.0/STM32CubeIDE/plugins/com.st.stm32cube.ide.mcu.externaltools.gnu-tools-for-stm32.13.3.rel1.win32_1.0.0.202411081344/tools/bin/../lib/gcc/arm-none-eabi/13.3.1/thumb/v7-m/nofp/crtbegin.o

.rodata         0x08004088       0x50
                0x08004088                        . = ALIGN (0x4)
 *(.rodata)
 .rodata        0x08004088        0xd ./Core/Src/main.o
 *fill*         0x08004095        0x3 
 .rodata        0x08004098        0x5 ./Freertos/Src/tasks.o
 *fill*         0x0800409d        0x3 
 .rodata        0x080040a0        0x8 ./Freertos/Src/timers.o
 *(.rodata*)
 .rodata.AHBPrescTable
                0x080040a8       0x10 ./Core/Src/system_stm32f1xx.o
                0x080040a8                AHBPrescTable
 .rodata.APBPrescTable
                0x080040b8        0x8 ./Core/Src/system_stm32f1xx.o
                0x080040b8                APBPrescTable
 .rodata.aPLLMULFactorTable.1
                0x080040c0       0x10 ./Drivers/STM32F1xx_HAL_Driver/Src/stm32f1xx_hal_rcc.o
 .rodata.aPredivFactorTable.0
                0x080040d0        0x2 ./Drivers/STM32F1xx_HAL_Driver/Src/stm32f1xx_hal_rcc.o
 *fill*         0x080040d2        0x2 
 .rodata.uxTopUsedPriority
                0x080040d4        0x4 ./Freertos/Src/tasks.o
                0x080040d8                        . = ALIGN (0x4)

.ARM.extab      0x080040d8        0x0
                0x080040d8                        . = ALIGN (0x4)
 *(.ARM.extab* .gnu.linkonce.armextab.*)
                0x080040d8                        . = ALIGN (0x4)

.ARM            0x080040d8        0x0
                0x080040d8                        . = ALIGN (0x4)
                0x080040d8                        __exidx_start = .
 *(.ARM.exidx*)
                0x080040d8                        __exidx_end = .
                0x080040d8                        . = ALIGN (0x4)

.preinit_array  0x080040d8        0x0
                0x080040d8                        . = ALIGN (0x4)
                0x080040d8                        PROVIDE (__preinit_array_start = .)
 *(.preinit_array*)
                0x080040d8                        PROVIDE (__preinit_array_end = .)
                0x080040d8                        . = ALIGN (0x4)

.init_array     0x080040d8        0x4
                0x080040d8                        . = ALIGN (0x4)
                0x080040d8                        PROVIDE (__init_array_start = .)
 *(SORT_BY_NAME(.init_array.*))
 *(.init_array*)
 .init_array    0x080040d8        0x4 C:/ST/STM32CubeIDE_1.19.0/STM32CubeIDE/plugins/com.st.stm32cube.ide.mcu.externaltools.gnu-tools-for-stm32.13.3.rel1.win32_1.0.0.202411081344/tools/bin/../lib/gcc/arm-none-eabi/13.3.1/thumb/v7-m/nofp/crtbegin.o
                0x080040dc                        PROVIDE (__init_array_end = .)
                0x080040dc                        . = ALIGN (0x4)

.fini_array     0x080040dc        0x4
                0x080040dc                        . = ALIGN (0x4)
                [!provide]                        PROVIDE (__fini_array_start = .)
 *(SORT_BY_NAME(.fini_array.*))
 *(.fini_array*)
 .fini_array    0x080040dc        0x4 C:/ST/STM32CubeIDE_1.19.0/STM32CubeIDE/plugins/com.st.stm32cube.ide.mcu.externaltools.gnu-tools-for-stm32.13.3.rel1.win32_1.0.0.202411081344/tools/bin/../lib/gcc/arm-none-eabi/13.3.1/thumb/v7-m/nofp/crtbegin.o
                [!provide]                        PROVIDE (__fini_array_end = .)
                0x080040e0                        . = ALIGN (0x4)
                0x080040e0                        _sidata = LOADADDR (.data)

.rel.dyn        0x080040e0        0x0
 .rel.iplt      0x080040e0        0x0 C:/ST/STM32CubeIDE_1.19.0/STM32CubeIDE/plugins/com.st.stm32cube.ide.mcu.externaltools.gnu-tools-for-stm32.13.3.rel1.win32_1.0.0.202411081344/tools/bin/../lib/gcc/arm-none-eabi/13.3.1/thumb/v7-m/nofp/crtbegin.o

.data           0x20000000       0x10 load address 0x080040e0
                0x20000000                        . = ALIGN (0x4)
                0x20000000                        _sdata = .
 *(.data)
 *(.data*)
 .data.SystemCoreClock
                0x20000000        0x4 ./Core/Src/system_stm32f1xx.o
                0x20000000                SystemCoreClock
 .data.uwTickPrio
                0x20000004        0x4 ./Drivers/STM32F1xx_HAL_Driver/Src/stm32f1xx_hal.o
                0x20000004                uwTickPrio
 .data.uwTickFreq
                0x20000008        0x1 ./Drivers/STM32F1xx_HAL_Driver/Src/stm32f1xx_hal.o
                0x20000008                uwTickFreq
 *fill*         0x20000009        0x3 
 .data.uxCriticalNesting
                0x2000000c        0x4 ./Freertos/Src/port.o
 *(.RamFunc)
 *(.RamFunc*)
                0x20000010                        . = ALIGN (0x4)
                0x20000010                        _edata = .

.igot.plt       0x20000010        0x0 load address 0x080040f0
 .igot.plt      0x20000010        0x0 C:/ST/STM32CubeIDE_1.19.0/STM32CubeIDE/plugins/com.st.stm32cube.ide.mcu.externaltools.gnu-tools-for-stm32.13.3.rel1.win32_1.0.0.202411081344/tools/bin/../lib/gcc/arm-none-eabi/13.3.1/thumb/v7-m/nofp/crtbegin.o
                0x20000010                        . = ALIGN (0x4)

.bss            0x20000010     0x1734 load address 0x080040f0
                0x20000010                        _sbss = .
                0x20000010                        __bss_start__ = _sbss
 *(.bss)
 .bss           0x20000010       0x1c C:/ST/STM32CubeIDE_1.19.0/STM32CubeIDE/plugins/com.st.stm32cube.ide.mcu.externaltools.gnu-tools-for-stm32.13.3.rel1.win32_1.0.0.202411081344/tools/bin/../lib/gcc/arm-none-eabi/13.3.1/thumb/v7-m/nofp/crtbegin.o
 *(.bss*)
 .bss.htim6     0x2000002c       0x48 ./Core/Src/stm32f1xx_hal_timebase_tim.o
                0x2000002c                htim6
 .bss.uwTick    0x20000074        0x4 ./Drivers/STM32F1xx_HAL_Driver/Src/stm32f1xx_hal.o
                0x20000074                uwTick
 .bss.ucHeap    0x20000078     0x1000 ./Freertos/Src/heap_4.o
 .bss.xStart    0x20001078        0x8 ./Freertos/Src/heap_4.o
 .bss.pxEnd     0x20001080        0x4 ./Freertos/Src/heap_4.o
 .bss.xFreeBytesRemaining
                0x20001084        0x4 ./Freertos/Src/heap_4.o
 .bss.xMinimumEverFreeBytesRemaining
                0x20001088        0x4 ./Freertos/Src/heap_4.o
 .bss.xNumberOfSuccessfulAllocations
                0x2000108c        0x4 ./Freertos/Src/heap_4.o
 .bss.xNumberOfSuccessfulFrees
                0x20001090        0x4 ./Freertos/Src/heap_4.o
 .bss.ucMaxSysCallPriority
                0x20001094        0x1 ./Freertos/Src/port.o
 *fill*         0x20001095        0x3 
 .bss.ulMaxPRIGROUPValue
                0x20001098        0x4 ./Freertos/Src/port.o
 .bss.pxCurrentTCB
                0x2000109c        0x4 ./Freertos/Src/tasks.o
                0x2000109c                pxCurrentTCB
 .bss.pxReadyTasksLists
                0x200010a0       0x64 ./Freertos/Src/tasks.o
 .bss.xDelayedTaskList1
                0x20001104       0x14 ./Freertos/Src/tasks.o
 .bss.xDelayedTaskList2
                0x20001118       0x14 ./Freertos/Src/tasks.o
 .bss.pxDelayedTaskList
                0x2000112c        0x4 ./Freertos/Src/tasks.o
 .bss.pxOverflowDelayedTaskList
                0x20001130        0x4 ./Freertos/Src/tasks.o
 .bss.xPendingReadyList
                0x20001134       0x14 ./Freertos/Src/tasks.o
 .bss.xTasksWaitingTermination
                0x20001148       0x14 ./Freertos/Src/tasks.o
 .bss.uxDeletedTasksWaitingCleanUp
                0x2000115c        0x4 ./Freertos/Src/tasks.o
 .bss.xSuspendedTaskList
                0x20001160       0x14 ./Freertos/Src/tasks.o
 .bss.uxCurrentNumberOfTasks
                0x20001174        0x4 ./Freertos/Src/tasks.o
 .bss.xTickCount
                0x20001178        0x4 ./Freertos/Src/tasks.o
 .bss.uxTopReadyPriority
                0x2000117c        0x4 ./Freertos/Src/tasks.o
 .bss.xSchedulerRunning
                0x20001180        0x4 ./Freertos/Src/tasks.o
 .bss.xPendedTicks
                0x20001184        0x4 ./Freertos/Src/tasks.o
 .bss.xYieldPendings
                0x20001188        0x4 ./Freertos/Src/tasks.o
 .bss.xNumOfOverflows
                0x2000118c        0x4 ./Freertos/Src/tasks.o
 .bss.uxTaskNumber
                0x20001190        0x4 ./Freertos/Src/tasks.o
 .bss.xNextTaskUnblockTime
                0x20001194        0x4 ./Freertos/Src/tasks.o
 .bss.xIdleTaskHandles
                0x20001198        0x4 ./Freertos/Src/tasks.o
 .bss.uxSchedulerSuspended
                0x2000119c        0x4 ./Freertos/Src/tasks.o
 .bss.xIdleTaskTCB.3
                0x200011a0       0x54 ./Freertos/Src/tasks.o
 .bss.uxIdleTaskStack.2
                0x200011f4      0x200 ./Freertos/Src/tasks.o
 .bss.xTimerTaskTCB.1
                0x200013f4       0x54 ./Freertos/Src/tasks.o
 .bss.uxTimerTaskStack.0
                0x20001448      0x200 ./Freertos/Src/tasks.o
 .bss.xActiveTimerList1
                0x20001648       0x14 ./Freertos/Src/timers.o
 .bss.xActiveTimerList2
                0x2000165c       0x14 ./Freertos/Src/timers.o
 .bss.pxCurrentTimerList
                0x20001670        0x4 ./Freertos/Src/timers.o
 .bss.pxOverflowTimerList
                0x20001674        0x4 ./Freertos/Src/timers.o
 .bss.xTimerQueue
                0x20001678        0x4 ./Freertos/Src/timers.o
 .bss.xTimerTaskHandle
                0x2000167c        0x4 ./Freertos/Src/timers.o
 .bss.xLastTime.2
                0x20001680        0x4 ./Freertos/Src/timers.o
 .bss.ucStaticTimerQueueStorage.1
                0x20001684       0x78 ./Freertos/Src/timers.o
 .bss.xStaticTimerQueue.0
                0x200016fc       0x48 ./Freertos/Src/timers.o
 *(COMMON)
                0x20001744                        . = ALIGN (0x4)
                0x20001744                        _ebss = .
                0x20001744                        __bss_end__ = _ebss

._user_heap_stack
                0x20001744      0x604 load address 0x080040f0
                0x20001748                        . = ALIGN (0x8)
 *fill*         0x20001744        0x4 
                [!provide]                        PROVIDE (end = .)
                0x20001748                        PROVIDE (_end = .)
                0x20001948                        . = (. + _Min_Heap_Size)
 *fill*         0x20001748      0x200 
                0x20001d48                        . = (. + _Min_Stack_Size)
 *fill*         0x20001948      0x400 
                0x20001d48                        . = ALIGN (0x8)

/DISCARD/
 libc.a(*)
 libm.a(*)
 libgcc.a(*)

.ARM.attributes
                0x00000000       0x29
 *(.ARM.attributes)
 .ARM.attributes
                0x00000000       0x1d C:/ST/STM32CubeIDE_1.19.0/STM32CubeIDE/plugins/com.st.stm32cube.ide.mcu.externaltools.gnu-tools-for-stm32.13.3.rel1.win32_1.0.0.202411081344/tools/bin/../lib/gcc/arm-none-eabi/13.3.1/thumb/v7-m/nofp/crti.o
 .ARM.attributes
                0x0000001d       0x2d C:/ST/STM32CubeIDE_1.19.0/STM32CubeIDE/plugins/com.st.stm32cube.ide.mcu.externaltools.gnu-tools-for-stm32.13.3.rel1.win32_1.0.0.202411081344/tools/bin/../lib/gcc/arm-none-eabi/13.3.1/thumb/v7-m/nofp/crtbegin.o
 .ARM.attributes
                0x0000004a       0x2d ./Core/Src/main.o
 .ARM.attributes
                0x00000077       0x2d ./Core/Src/stm32f1xx_hal_msp.o
 .ARM.attributes
                0x000000a4       0x2d ./Core/Src/stm32f1xx_hal_timebase_tim.o
 .ARM.attributes
                0x000000d1       0x2d ./Core/Src/stm32f1xx_it.o
 .ARM.attributes
                0x000000fe       0x2d ./Core/Src/system_stm32f1xx.o
 .ARM.attributes
                0x0000012b       0x21 ./Core/Startup/startup_stm32f103rctx.o
 .ARM.attributes
                0x0000014c       0x2d ./Drivers/STM32F1xx_HAL_Driver/Src/stm32f1xx_hal.o
 .ARM.attributes
                0x00000179       0x2d ./Drivers/STM32F1xx_HAL_Driver/Src/stm32f1xx_hal_cortex.o
 .ARM.attributes
                0x000001a6       0x2d ./Drivers/STM32F1xx_HAL_Driver/Src/stm32f1xx_hal_gpio.o
 .ARM.attributes
                0x000001d3       0x2d ./Drivers/STM32F1xx_HAL_Driver/Src/stm32f1xx_hal_rcc.o
 .ARM.attributes
                0x00000200       0x2d ./Drivers/STM32F1xx_HAL_Driver/Src/stm32f1xx_hal_tim.o
 .ARM.attributes
                0x0000022d       0x2d ./Drivers/STM32F1xx_HAL_Driver/Src/stm32f1xx_hal_tim_ex.o
 .ARM.attributes
                0x0000025a       0x2d ./Freertos/Src/heap_4.o
 .ARM.attributes
                0x00000287       0x2d ./Freertos/Src/list.o
 .ARM.attributes
                0x000002b4       0x2d ./Freertos/Src/port.o
 .ARM.attributes
                0x000002e1       0x2d ./Freertos/Src/queue.o
 .ARM.attributes
                0x0000030e       0x2d ./Freertos/Src/tasks.o
 .ARM.attributes
                0x0000033b       0x2d ./Freertos/Src/timers.o
 .ARM.attributes
                0x00000368       0x2d C:/ST/STM32CubeIDE_1.19.0/STM32CubeIDE/plugins/com.st.stm32cube.ide.mcu.externaltools.gnu-tools-for-stm32.13.3.rel1.win32_1.0.0.202411081344/tools/bin/../lib/gcc/arm-none-eabi/13.3.1/../../../../arm-none-eabi/lib/thumb/v7-m/nofp\libc_nano.a(libc_a-memset.o)
 .ARM.attributes
                0x00000395       0x2d C:/ST/STM32CubeIDE_1.19.0/STM32CubeIDE/plugins/com.st.stm32cube.ide.mcu.externaltools.gnu-tools-for-stm32.13.3.rel1.win32_1.0.0.202411081344/tools/bin/../lib/gcc/arm-none-eabi/13.3.1/../../../../arm-none-eabi/lib/thumb/v7-m/nofp\libc_nano.a(libc_a-init.o)
 .ARM.attributes
                0x000003c2       0x2d C:/ST/STM32CubeIDE_1.19.0/STM32CubeIDE/plugins/com.st.stm32cube.ide.mcu.externaltools.gnu-tools-for-stm32.13.3.rel1.win32_1.0.0.202411081344/tools/bin/../lib/gcc/arm-none-eabi/13.3.1/../../../../arm-none-eabi/lib/thumb/v7-m/nofp\libc_nano.a(libc_a-memcpy-stub.o)
 .ARM.attributes
                0x000003ef       0x1d C:/ST/STM32CubeIDE_1.19.0/STM32CubeIDE/plugins/com.st.stm32cube.ide.mcu.externaltools.gnu-tools-for-stm32.13.3.rel1.win32_1.0.0.202411081344/tools/bin/../lib/gcc/arm-none-eabi/13.3.1/thumb/v7-m/nofp/crtn.o
OUTPUT(example2.4.elf elf32-littlearm)
LOAD linker stubs
LOAD C:/ST/STM32CubeIDE_1.19.0/STM32CubeIDE/plugins/com.st.stm32cube.ide.mcu.externaltools.gnu-tools-for-stm32.13.3.rel1.win32_1.0.0.202411081344/tools/bin/../lib/gcc/arm-none-eabi/13.3.1/../../../../arm-none-eabi/lib/thumb/v7-m/nofp\libc.a
LOAD C:/ST/STM32CubeIDE_1.19.0/STM32CubeIDE/plugins/com.st.stm32cube.ide.mcu.externaltools.gnu-tools-for-stm32.13.3.rel1.win32_1.0.0.202411081344/tools/bin/../lib/gcc/arm-none-eabi/13.3.1/../../../../arm-none-eabi/lib/thumb/v7-m/nofp\libm.a
LOAD C:/ST/STM32CubeIDE_1.19.0/STM32CubeIDE/plugins/com.st.stm32cube.ide.mcu.externaltools.gnu-tools-for-stm32.13.3.rel1.win32_1.0.0.202411081344/tools/bin/../lib/gcc/arm-none-eabi/13.3.1/thumb/v7-m/nofp\libgcc.a

.debug_info     0x00000000     0xe279
 .debug_info    0x00000000      0xbe7 ./Core/Src/main.o
 .debug_info    0x00000be7      0x1f1 ./Core/Src/stm32f1xx_hal_msp.o
 .debug_info    0x00000dd8      0xa0e ./Core/Src/stm32f1xx_hal_timebase_tim.o
 .debug_info    0x000017e6      0x69a ./Core/Src/stm32f1xx_it.o
 .debug_info    0x00001e80      0x222 ./Core/Src/system_stm32f1xx.o
 .debug_info    0x000020a2       0x30 ./Core/Startup/startup_stm32f103rctx.o
 .debug_info    0x000020d2      0x76a ./Drivers/STM32F1xx_HAL_Driver/Src/stm32f1xx_hal.o
 .debug_info    0x0000283c      0xaed ./Drivers/STM32F1xx_HAL_Driver/Src/stm32f1xx_hal_cortex.o
 .debug_info    0x00003329      0x5ab ./Drivers/STM32F1xx_HAL_Driver/Src/stm32f1xx_hal_gpio.o
 .debug_info    0x000038d4      0x7d5 ./Drivers/STM32F1xx_HAL_Driver/Src/stm32f1xx_hal_rcc.o
 .debug_info    0x000040a9     0x2959 ./Drivers/STM32F1xx_HAL_Driver/Src/stm32f1xx_hal_tim.o
 .debug_info    0x00006a02     0x149b ./Drivers/STM32F1xx_HAL_Driver/Src/stm32f1xx_hal_tim_ex.o
 .debug_info    0x00007e9d      0x5d7 ./Freertos/Src/heap_4.o
 .debug_info    0x00008474      0x2aa ./Freertos/Src/list.o
 .debug_info    0x0000871e      0x51f ./Freertos/Src/port.o
 .debug_info    0x00008c3d     0x1a40 ./Freertos/Src/queue.o
 .debug_info    0x0000a67d     0x2883 ./Freertos/Src/tasks.o
 .debug_info    0x0000cf00     0x1379 ./Freertos/Src/timers.o

.debug_abbrev   0x00000000     0x2685
 .debug_abbrev  0x00000000      0x2b0 ./Core/Src/main.o
 .debug_abbrev  0x000002b0       0xdb ./Core/Src/stm32f1xx_hal_msp.o
 .debug_abbrev  0x0000038b      0x1f3 ./Core/Src/stm32f1xx_hal_timebase_tim.o
 .debug_abbrev  0x0000057e      0x17c ./Core/Src/stm32f1xx_it.o
 .debug_abbrev  0x000006fa      0x13f ./Core/Src/system_stm32f1xx.o
 .debug_abbrev  0x00000839       0x24 ./Core/Startup/startup_stm32f103rctx.o
 .debug_abbrev  0x0000085d      0x201 ./Drivers/STM32F1xx_HAL_Driver/Src/stm32f1xx_hal.o
 .debug_abbrev  0x00000a5e      0x2f8 ./Drivers/STM32F1xx_HAL_Driver/Src/stm32f1xx_hal_cortex.o
 .debug_abbrev  0x00000d56      0x1ca ./Drivers/STM32F1xx_HAL_Driver/Src/stm32f1xx_hal_gpio.o
 .debug_abbrev  0x00000f20      0x2b3 ./Drivers/STM32F1xx_HAL_Driver/Src/stm32f1xx_hal_rcc.o
 .debug_abbrev  0x000011d3      0x277 ./Drivers/STM32F1xx_HAL_Driver/Src/stm32f1xx_hal_tim.o
 .debug_abbrev  0x0000144a      0x282 ./Drivers/STM32F1xx_HAL_Driver/Src/stm32f1xx_hal_tim_ex.o
 .debug_abbrev  0x000016cc      0x25a ./Freertos/Src/heap_4.o
 .debug_abbrev  0x00001926       0xee ./Freertos/Src/list.o
 .debug_abbrev  0x00001a14      0x255 ./Freertos/Src/port.o
 .debug_abbrev  0x00001c69      0x344 ./Freertos/Src/queue.o
 .debug_abbrev  0x00001fad      0x387 ./Freertos/Src/tasks.o
 .debug_abbrev  0x00002334      0x351 ./Freertos/Src/timers.o

.debug_aranges  0x00000000      0xec0
 .debug_aranges
                0x00000000       0x58 ./Core/Src/main.o
 .debug_aranges
                0x00000058       0x20 ./Core/Src/stm32f1xx_hal_msp.o
 .debug_aranges
                0x00000078       0x30 ./Core/Src/stm32f1xx_hal_timebase_tim.o
 .debug_aranges
                0x000000a8       0x68 ./Core/Src/stm32f1xx_it.o
 .debug_aranges
                0x00000110       0x28 ./Core/Src/system_stm32f1xx.o
 .debug_aranges
                0x00000138       0x28 ./Core/Startup/startup_stm32f103rctx.o
 .debug_aranges
                0x00000160       0xe0 ./Drivers/STM32F1xx_HAL_Driver/Src/stm32f1xx_hal.o
 .debug_aranges
                0x00000240      0x100 ./Drivers/STM32F1xx_HAL_Driver/Src/stm32f1xx_hal_cortex.o
 .debug_aranges
                0x00000340       0x58 ./Drivers/STM32F1xx_HAL_Driver/Src/stm32f1xx_hal_gpio.o
 .debug_aranges
                0x00000398       0x90 ./Drivers/STM32F1xx_HAL_Driver/Src/stm32f1xx_hal_rcc.o
 .debug_aranges
                0x00000428      0x3d0 ./Drivers/STM32F1xx_HAL_Driver/Src/stm32f1xx_hal_tim.o
 .debug_aranges
                0x000007f8      0x168 ./Drivers/STM32F1xx_HAL_Driver/Src/stm32f1xx_hal_tim_ex.o
 .debug_aranges
                0x00000960       0x68 ./Freertos/Src/heap_4.o
 .debug_aranges
                0x000009c8       0x40 ./Freertos/Src/list.o
 .debug_aranges
                0x00000a08       0x78 ./Freertos/Src/port.o
 .debug_aranges
                0x00000a80      0x130 ./Freertos/Src/queue.o
 .debug_aranges
                0x00000bb0      0x218 ./Freertos/Src/tasks.o
 .debug_aranges
                0x00000dc8       0xf8 ./Freertos/Src/timers.o

.debug_rnglists
                0x00000000      0xb6c
 .debug_rnglists
                0x00000000       0x3f ./Core/Src/main.o
 .debug_rnglists
                0x0000003f       0x13 ./Core/Src/stm32f1xx_hal_msp.o
 .debug_rnglists
                0x00000052       0x20 ./Core/Src/stm32f1xx_hal_timebase_tim.o
 .debug_rnglists
                0x00000072       0x49 ./Core/Src/stm32f1xx_it.o
 .debug_rnglists
                0x000000bb       0x1a ./Core/Src/system_stm32f1xx.o
 .debug_rnglists
                0x000000d5       0x19 ./Core/Startup/startup_stm32f103rctx.o
 .debug_rnglists
                0x000000ee       0xa3 ./Drivers/STM32F1xx_HAL_Driver/Src/stm32f1xx_hal.o
 .debug_rnglists
                0x00000191       0xbb ./Drivers/STM32F1xx_HAL_Driver/Src/stm32f1xx_hal_cortex.o
 .debug_rnglists
                0x0000024c       0x3f ./Drivers/STM32F1xx_HAL_Driver/Src/stm32f1xx_hal_gpio.o
 .debug_rnglists
                0x0000028b       0x6c ./Drivers/STM32F1xx_HAL_Driver/Src/stm32f1xx_hal_rcc.o
 .debug_rnglists
                0x000002f7      0x31a ./Drivers/STM32F1xx_HAL_Driver/Src/stm32f1xx_hal_tim.o
 .debug_rnglists
                0x00000611      0x125 ./Drivers/STM32F1xx_HAL_Driver/Src/stm32f1xx_hal_tim_ex.o
 .debug_rnglists
                0x00000736       0x4e ./Freertos/Src/heap_4.o
 .debug_rnglists
                0x00000784       0x2b ./Freertos/Src/list.o
 .debug_rnglists
                0x000007af       0x57 ./Freertos/Src/port.o
 .debug_rnglists
                0x00000806       0xed ./Freertos/Src/queue.o
 .debug_rnglists
                0x000008f3      0x1bd ./Freertos/Src/tasks.o
 .debug_rnglists
                0x00000ab0       0xbc ./Freertos/Src/timers.o

.debug_macro    0x00000000    0x1aef3
 .debug_macro   0x00000000      0x220 ./Core/Src/main.o
 .debug_macro   0x00000220      0xacc ./Core/Src/main.o
 .debug_macro   0x00000cec      0x215 ./Core/Src/main.o
 .debug_macro   0x00000f01       0x2e ./Core/Src/main.o
 .debug_macro   0x00000f2f       0x22 ./Core/Src/main.o
 .debug_macro   0x00000f51       0x22 ./Core/Src/main.o
 .debug_macro   0x00000f73       0x8e ./Core/Src/main.o
 .debug_macro   0x00001001       0x51 ./Core/Src/main.o
 .debug_macro   0x00001052      0x103 ./Core/Src/main.o
 .debug_macro   0x00001155       0x6a ./Core/Src/main.o
 .debug_macro   0x000011bf      0x1df ./Core/Src/main.o
 .debug_macro   0x0000139e       0x1c ./Core/Src/main.o
 .debug_macro   0x000013ba       0x22 ./Core/Src/main.o
 .debug_macro   0x000013dc       0xbd ./Core/Src/main.o
 .debug_macro   0x00001499      0xd23 ./Core/Src/main.o
 .debug_macro   0x000021bc     0xfd8c ./Core/Src/main.o
 .debug_macro   0x00011f48       0x6d ./Core/Src/main.o
 .debug_macro   0x00011fb5     0x34a2 ./Core/Src/main.o
 .debug_macro   0x00015457      0x190 ./Core/Src/main.o
 .debug_macro   0x000155e7       0x5c ./Core/Src/main.o
 .debug_macro   0x00015643      0x5bc ./Core/Src/main.o
 .debug_macro   0x00015bff      0x4d5 ./Core/Src/main.o
 .debug_macro   0x000160d4      0x1cb ./Core/Src/main.o
 .debug_macro   0x0001629f      0x114 ./Core/Src/main.o
 .debug_macro   0x000163b3      0x1ea ./Core/Src/main.o
 .debug_macro   0x0001659d       0x27 ./Core/Src/main.o
 .debug_macro   0x000165c4      0x144 ./Core/Src/main.o
 .debug_macro   0x00016708      0x1bc ./Core/Src/main.o
 .debug_macro   0x000168c4       0x30 ./Core/Src/main.o
 .debug_macro   0x000168f4       0x3c ./Core/Src/main.o
 .debug_macro   0x00016930       0x57 ./Core/Src/main.o
 .debug_macro   0x00016987       0x87 ./Core/Src/main.o
 .debug_macro   0x00016a0e      0x24f ./Core/Src/main.o
 .debug_macro   0x00016c5d      0x140 ./Core/Src/main.o
 .debug_macro   0x00016d9d      0x8ed ./Core/Src/main.o
 .debug_macro   0x0001768a       0xb5 ./Core/Src/main.o
 .debug_macro   0x0001773f       0x1c ./Core/Src/main.o
 .debug_macro   0x0001775b       0x16 ./Core/Src/main.o
 .debug_macro   0x00017771      0x29a ./Core/Src/main.o
 .debug_macro   0x00017a0b      0x182 ./Core/Src/main.o
 .debug_macro   0x00017b8d       0xd2 ./Core/Src/main.o
 .debug_macro   0x00017c5f       0x22 ./Core/Src/main.o
 .debug_macro   0x00017c81       0x1f ./Core/Src/main.o
 .debug_macro   0x00017ca0       0x12 ./Core/Src/main.o
 .debug_macro   0x00017cb2      0xf30 ./Core/Src/main.o
 .debug_macro   0x00018be2       0xc3 ./Core/Src/main.o
 .debug_macro   0x00018ca5      0x14f ./Core/Src/main.o
 .debug_macro   0x00018df4      0x1a8 ./Core/Src/stm32f1xx_hal_msp.o
 .debug_macro   0x00018f9c      0x199 ./Core/Src/stm32f1xx_hal_timebase_tim.o
 .debug_macro   0x00019135      0x1b2 ./Core/Src/stm32f1xx_it.o
 .debug_macro   0x000192e7      0x199 ./Core/Src/system_stm32f1xx.o
 .debug_macro   0x00019480      0x1bd ./Drivers/STM32F1xx_HAL_Driver/Src/stm32f1xx_hal.o
 .debug_macro   0x0001963d      0x199 ./Drivers/STM32F1xx_HAL_Driver/Src/stm32f1xx_hal_cortex.o
 .debug_macro   0x000197d6      0x204 ./Drivers/STM32F1xx_HAL_Driver/Src/stm32f1xx_hal_gpio.o
 .debug_macro   0x000199da      0x1ab ./Drivers/STM32F1xx_HAL_Driver/Src/stm32f1xx_hal_rcc.o
 .debug_macro   0x00019b85      0x19a ./Drivers/STM32F1xx_HAL_Driver/Src/stm32f1xx_hal_tim.o
 .debug_macro   0x00019d1f      0x199 ./Drivers/STM32F1xx_HAL_Driver/Src/stm32f1xx_hal_tim_ex.o
 .debug_macro   0x00019eb8      0x232 ./Freertos/Src/heap_4.o
 .debug_macro   0x0001a0ea      0x11c ./Freertos/Src/heap_4.o
 .debug_macro   0x0001a206       0x9b ./Freertos/Src/heap_4.o
 .debug_macro   0x0001a2a1       0x16 ./Freertos/Src/heap_4.o
 .debug_macro   0x0001a2b7       0x20 ./Freertos/Src/heap_4.o
 .debug_macro   0x0001a2d7      0x1a3 ./Freertos/Src/list.o
 .debug_macro   0x0001a47a      0x1ac ./Freertos/Src/port.o
 .debug_macro   0x0001a626      0x23a ./Freertos/Src/queue.o
 .debug_macro   0x0001a860       0x8e ./Freertos/Src/queue.o
 .debug_macro   0x0001a8ee      0x2c7 ./Freertos/Src/tasks.o
 .debug_macro   0x0001abb5       0x98 ./Freertos/Src/tasks.o
 .debug_macro   0x0001ac4d       0x16 ./Freertos/Src/tasks.o
 .debug_macro   0x0001ac63      0x1f2 ./Freertos/Src/timers.o
 .debug_macro   0x0001ae55       0x9e ./Freertos/Src/timers.o

.debug_line     0x00000000     0xff3d
 .debug_line    0x00000000      0x8cc ./Core/Src/main.o
 .debug_line    0x000008cc      0x6e5 ./Core/Src/stm32f1xx_hal_msp.o
 .debug_line    0x00000fb1      0x763 ./Core/Src/stm32f1xx_hal_timebase_tim.o
 .debug_line    0x00001714      0x7a6 ./Core/Src/stm32f1xx_it.o
 .debug_line    0x00001eba      0x763 ./Core/Src/system_stm32f1xx.o
 .debug_line    0x0000261d       0x79 ./Core/Startup/startup_stm32f103rctx.o
 .debug_line    0x00002696      0x994 ./Drivers/STM32F1xx_HAL_Driver/Src/stm32f1xx_hal.o
 .debug_line    0x0000302a      0xb5e ./Drivers/STM32F1xx_HAL_Driver/Src/stm32f1xx_hal_cortex.o
 .debug_line    0x00003b88      0xa19 ./Drivers/STM32F1xx_HAL_Driver/Src/stm32f1xx_hal_gpio.o
 .debug_line    0x000045a1      0xe4d ./Drivers/STM32F1xx_HAL_Driver/Src/stm32f1xx_hal_rcc.o
 .debug_line    0x000053ee     0x36b2 ./Drivers/STM32F1xx_HAL_Driver/Src/stm32f1xx_hal_tim.o
 .debug_line    0x00008aa0     0x18be ./Drivers/STM32F1xx_HAL_Driver/Src/stm32f1xx_hal_tim_ex.o
 .debug_line    0x0000a35e      0xac9 ./Freertos/Src/heap_4.o
 .debug_line    0x0000ae27      0x73c ./Freertos/Src/list.o
 .debug_line    0x0000b563      0x7df ./Freertos/Src/port.o
 .debug_line    0x0000bd42     0x1620 ./Freertos/Src/queue.o
 .debug_line    0x0000d362     0x1e69 ./Freertos/Src/tasks.o
 .debug_line    0x0000f1cb      0xd72 ./Freertos/Src/timers.o

.debug_str      0x00000000    0xa4d3a
 .debug_str     0x00000000    0xa4d3a ./Core/Src/main.o
                              0x9adab (size before relaxing)
 .debug_str     0x000a4d3a    0x8feb5 ./Core/Src/stm32f1xx_hal_msp.o
 .debug_str     0x000a4d3a    0x9083a ./Core/Src/stm32f1xx_hal_timebase_tim.o
 .debug_str     0x000a4d3a    0x903af ./Core/Src/stm32f1xx_it.o
 .debug_str     0x000a4d3a    0x8fe8e ./Core/Src/system_stm32f1xx.o
 .debug_str     0x000a4d3a       0x79 ./Core/Startup/startup_stm32f103rctx.o
 .debug_str     0x000a4d3a    0x906a5 ./Drivers/STM32F1xx_HAL_Driver/Src/stm32f1xx_hal.o
 .debug_str     0x000a4d3a    0x905f1 ./Drivers/STM32F1xx_HAL_Driver/Src/stm32f1xx_hal_cortex.o
 .debug_str     0x000a4d3a    0x90214 ./Drivers/STM32F1xx_HAL_Driver/Src/stm32f1xx_hal_gpio.o
 .debug_str     0x000a4d3a    0x902bd ./Drivers/STM32F1xx_HAL_Driver/Src/stm32f1xx_hal_rcc.o
 .debug_str     0x000a4d3a    0x912bf ./Drivers/STM32F1xx_HAL_Driver/Src/stm32f1xx_hal_tim.o
 .debug_str     0x000a4d3a    0x90acb ./Drivers/STM32F1xx_HAL_Driver/Src/stm32f1xx_hal_tim_ex.o
 .debug_str     0x000a4d3a    0x12273 ./Freertos/Src/heap_4.o
 .debug_str     0x000a4d3a    0x1074f ./Freertos/Src/list.o
 .debug_str     0x000a4d3a     0xf0ca ./Freertos/Src/port.o
 .debug_str     0x000a4d3a    0x1327d ./Freertos/Src/queue.o
 .debug_str     0x000a4d3a    0x141a8 ./Freertos/Src/tasks.o
 .debug_str     0x000a4d3a    0x136bc ./Freertos/Src/timers.o

.comment        0x00000000       0x43
 .comment       0x00000000       0x43 ./Core/Src/main.o
                                 0x44 (size before relaxing)
 .comment       0x00000043       0x44 ./Core/Src/stm32f1xx_hal_msp.o
 .comment       0x00000043       0x44 ./Core/Src/stm32f1xx_hal_timebase_tim.o
 .comment       0x00000043       0x44 ./Core/Src/stm32f1xx_it.o
 .comment       0x00000043       0x44 ./Core/Src/system_stm32f1xx.o
 .comment       0x00000043       0x44 ./Drivers/STM32F1xx_HAL_Driver/Src/stm32f1xx_hal.o
 .comment       0x00000043       0x44 ./Drivers/STM32F1xx_HAL_Driver/Src/stm32f1xx_hal_cortex.o
 .comment       0x00000043       0x44 ./Drivers/STM32F1xx_HAL_Driver/Src/stm32f1xx_hal_gpio.o
 .comment       0x00000043       0x44 ./Drivers/STM32F1xx_HAL_Driver/Src/stm32f1xx_hal_rcc.o
 .comment       0x00000043       0x44 ./Drivers/STM32F1xx_HAL_Driver/Src/stm32f1xx_hal_tim.o
 .comment       0x00000043       0x44 ./Drivers/STM32F1xx_HAL_Driver/Src/stm32f1xx_hal_tim_ex.o
 .comment       0x00000043       0x44 ./Freertos/Src/heap_4.o
 .comment       0x00000043       0x44 ./Freertos/Src/list.o
 .comment       0x00000043       0x44 ./Freertos/Src/port.o
 .comment       0x00000043       0x44 ./Freertos/Src/queue.o
 .comment       0x00000043       0x44 ./Freertos/Src/tasks.o
 .comment       0x00000043       0x44 ./Freertos/Src/timers.o

.debug_frame    0x00000000     0x3cc0
 .debug_frame   0x00000000      0x110 ./Core/Src/main.o
 .debug_frame   0x00000110       0x38 ./Core/Src/stm32f1xx_hal_msp.o
 .debug_frame   0x00000148       0x74 ./Core/Src/stm32f1xx_hal_timebase_tim.o
 .debug_frame   0x000001bc      0x124 ./Core/Src/stm32f1xx_it.o
 .debug_frame   0x000002e0       0x58 ./Core/Src/system_stm32f1xx.o
 .debug_frame   0x00000338      0x334 ./Drivers/STM32F1xx_HAL_Driver/Src/stm32f1xx_hal.o
 .debug_frame   0x0000066c      0x428 ./Drivers/STM32F1xx_HAL_Driver/Src/stm32f1xx_hal_cortex.o
 .debug_frame   0x00000a94      0x14c ./Drivers/STM32F1xx_HAL_Driver/Src/stm32f1xx_hal_gpio.o
 .debug_frame   0x00000be0      0x218 ./Drivers/STM32F1xx_HAL_Driver/Src/stm32f1xx_hal_rcc.o
 .debug_frame   0x00000df8     0x11b8 ./Drivers/STM32F1xx_HAL_Driver/Src/stm32f1xx_hal_tim.o
 .debug_frame   0x00001fb0      0x638 ./Drivers/STM32F1xx_HAL_Driver/Src/stm32f1xx_hal_tim_ex.o
 .debug_frame   0x000025e8      0x174 ./Freertos/Src/heap_4.o
 .debug_frame   0x0000275c       0xd8 ./Freertos/Src/list.o
 .debug_frame   0x00002834      0x198 ./Freertos/Src/port.o
 .debug_frame   0x000029cc      0x528 ./Freertos/Src/queue.o
 .debug_frame   0x00002ef4      0x948 ./Freertos/Src/tasks.o
 .debug_frame   0x0000383c      0x410 ./Freertos/Src/timers.o
 .debug_frame   0x00003c4c       0x20 C:/ST/STM32CubeIDE_1.19.0/STM32CubeIDE/plugins/com.st.stm32cube.ide.mcu.externaltools.gnu-tools-for-stm32.13.3.rel1.win32_1.0.0.202411081344/tools/bin/../lib/gcc/arm-none-eabi/13.3.1/../../../../arm-none-eabi/lib/thumb/v7-m/nofp\libc_nano.a(libc_a-memset.o)
 .debug_frame   0x00003c6c       0x2c C:/ST/STM32CubeIDE_1.19.0/STM32CubeIDE/plugins/com.st.stm32cube.ide.mcu.externaltools.gnu-tools-for-stm32.13.3.rel1.win32_1.0.0.202411081344/tools/bin/../lib/gcc/arm-none-eabi/13.3.1/../../../../arm-none-eabi/lib/thumb/v7-m/nofp\libc_nano.a(libc_a-init.o)
 .debug_frame   0x00003c98       0x28 C:/ST/STM32CubeIDE_1.19.0/STM32CubeIDE/plugins/com.st.stm32cube.ide.mcu.externaltools.gnu-tools-for-stm32.13.3.rel1.win32_1.0.0.202411081344/tools/bin/../lib/gcc/arm-none-eabi/13.3.1/../../../../arm-none-eabi/lib/thumb/v7-m/nofp\libc_nano.a(libc_a-memcpy-stub.o)

.debug_line_str
                0x00000000       0x5d
 .debug_line_str
                0x00000000       0x5d ./Core/Startup/startup_stm32f103rctx.o
