../Freertos/Src/timers.c:237:16:xTimerCreateTimerTask	48	static,ignoring_inline_asm
../Freertos/Src/timers.c:336:23:xTimerCreate	40	static
../Freertos/Src/timers.c:370:23:xTimerCreateStatic	48	static,ignoring_inline_asm
../Freertos/Src/timers.c:417:17:prvInitialiseNewTimer	32	static,ignoring_inline_asm
../Freertos/Src/timers.c:448:16:xTimerGenericCommandFromTask	48	static,ignoring_inline_asm
../Freertos/Src/timers.c:499:16:xTimerGenericCommandFromISR	48	static,ignoring_inline_asm
../Freertos/Src/timers.c:543:18:xTimerGetTimerDaemonTaskHandle	16	static,ignoring_inline_asm
../Freertos/Src/timers.c:557:16:xTimerGetPeriod	24	static,ignoring_inline_asm
../Freertos/Src/timers.c:571:10:vTimerSetReloadMode	24	static,ignoring_inline_asm
../Freertos/Src/timers.c:596:16:xTimerGetReloadMode	32	static,ignoring_inline_asm
../Freertos/Src/timers.c:624:17:uxTimerGetReloadMode	24	static
../Freertos/Src/timers.c:638:16:xTimerGetExpiryTime	32	static,ignoring_inline_asm
../Freertos/Src/timers.c:655:20:xTimerGetStaticBuffer	32	static,ignoring_inline_asm
../Freertos/Src/timers.c:685:18:pcTimerGetName	24	static,ignoring_inline_asm
../Freertos/Src/timers.c:699:17:prvReloadTimer	24	static
../Freertos/Src/timers.c:718:17:prvProcessExpiredTimer	24	static
../Freertos/Src/timers.c:748:12:prvTimerTask	24	static
../Freertos/Src/timers.c:782:17:prvProcessTimerOrBlockTask	24	static,ignoring_inline_asm
../Freertos/Src/timers.c:844:23:prvGetNextExpireTime	24	static
../Freertos/Src/timers.c:871:23:prvSampleTimeNow	24	static
../Freertos/Src/timers.c:894:23:prvInsertTimerInActiveList	32	static
../Freertos/Src/timers.c:938:17:prvProcessReceivedCommands	40	static,ignoring_inline_asm
../Freertos/Src/timers.c:1086:17:prvSwitchTimerLists	16	static
../Freertos/Src/timers.c:1111:17:prvCheckForValidListAndQueue	16	static
../Freertos/Src/timers.c:1162:16:xTimerIsTimerActive	32	static,ignoring_inline_asm
../Freertos/Src/timers.c:1191:12:pvTimerGetTimerID	32	static,ignoring_inline_asm
../Freertos/Src/timers.c:1212:10:vTimerSetTimerID	24	static,ignoring_inline_asm
../Freertos/Src/timers.c:1330:10:vTimerResetState	4	static
